{
  "distributed_singleflight_and_lease": {
    "cache_hits": [
      true,
      false
    ],
    "latency_ms": 257,
    "oracle_pass": true,
    "provider_executions": 1,
    "responses_equivalent": true,
    "stale_follower_initial": false,
    "stale_follower_recovered": true,
    "stale_leader_acquired": true,
    "status_codes": [
      200,
      200
    ]
  },
  "global_rate_limit_cache": {
    "cache_content_equal": true,
    "cache_first_attempts": 1,
    "cache_first_error": null,
    "cache_first_hit": false,
    "cache_first_status": 200,
    "cache_second_attempts": 0,
    "cache_second_error": null,
    "cache_second_hit": true,
    "cache_second_status": 200,
    "oracle_pass": true,
    "provider_executions": 1,
    "rate_admitted": 10,
    "rate_rejected": 10,
    "rate_requests": 20,
    "rate_statuses": [
      200,
      200,
      200,
      200,
      200,
      200,
      200,
      200,
      200,
      200,
      429,
      429,
      429,
      429,
      429,
      429,
      429,
      429,
      429,
      429
    ]
  },
  "oracle_pass": true,
  "postgres_shared_budget_race": {
    "audit_rows": [
      {
        "error_code": null,
        "request_id": "wave3-budget-race-1d31d87c6422404ea1d7e4ce331ed865",
        "status": "success"
      },
      {
        "error_code": "token_budget_exceeded",
        "request_id": "wave3-budget-race-738fa29a69044f6cbdf708f26305f96a",
        "status": "error"
      }
    ],
    "oracle_pass": true,
    "provider_attempt_rows": [
      {
        "provider_id": "mock_fast",
        "request_id": "wave3-budget-race-1d31d87c6422404ea1d7e4ce331ed865",
        "status": "success"
      }
    ],
    "request_statuses": [
      200,
      429
    ],
    "reservation_states": [
      {
        "reservation_id": "wave3-budget-race-1d31d87c6422404ea1d7e4ce331ed865:9c827bcc53784696aa6792ed52612827",
        "state": "settled"
      }
    ],
    "reserved_tokens": 0,
    "used_tokens": 54
  }
}
